index AT: 601 filings
index BE: 709 filings
index CZ: 29 filings
index DK: 2204 filings
index EE: 46 filings
index FI: 1169 filings
index FR: 1179 filings
index DE: 0 filings
index GR: 189 filings
index HU: 157 filings
index IE: 0 filings
index IT: 872 filings
index LV: 36 filings
index LT: 189 filings
index LU: 266 filings
index MT: 190 filings
index NL: 657 filings
index PL: 877 filings
index PT: 128 filings
index RO: 115 filings
index ES: 542 filings
index SE: 1415 filings
selected 1379 entities, 4998 filings
100/4998 filings, 0 errors
200/4998 filings, 0 errors
300/4998 filings, 0 errors
400/4998 filings, 0 errors
500/4998 filings, 0 errors
600/4998 filings, 0 errors
700/4998 filings, 0 errors
800/4998 filings, 0 errors
900/4998 filings, 0 errors
1000/4998 filings, 0 errors
1100/4998 filings, 0 errors
1200/4998 filings, 0 errors
1300/4998 filings, 0 errors
1400/4998 filings, 0 errors
1500/4998 filings, 0 errors
1600/4998 filings, 0 errors
1700/4998 filings, 0 errors
1800/4998 filings, 0 errors
1900/4998 filings, 0 errors
2000/4998 filings, 0 errors
2100/4998 filings, 0 errors
2200/4998 filings, 0 errors
2300/4998 filings, 0 errors
2400/4998 filings, 0 errors
2500/4998 filings, 0 errors
2600/4998 filings, 0 errors
2700/4998 filings, 0 errors
2800/4998 filings, 0 errors
2900/4998 filings, 0 errors
3000/4998 filings, 0 errors
3100/4998 filings, 0 errors
3200/4998 filings, 0 errors
3300/4998 filings, 0 errors
3400/4998 filings, 0 errors
3500/4998 filings, 0 errors
3600/4998 filings, 0 errors
3700/4998 filings, 0 errors
3800/4998 filings, 0 errors
3900/4998 filings, 0 errors
4000/4998 filings, 0 errors
4100/4998 filings, 0 errors
4200/4998 filings, 0 errors
4300/4998 filings, 0 errors
4400/4998 filings, 0 errors
4500/4998 filings, 0 errors
4600/4998 filings, 0 errors
4700/4998 filings, 0 errors
4800/4998 filings, 0 errors
4900/4998 filings, 0 errors
Wrote 226668 facts from 1374 entities; 0 filing errors
