HTTP Error 404: {"quoteSummary":{"result":null,"error":{"code":"Not Found","description":"Quote not found for symbol: IIA.VI"}}}
AUT: 24 candidates, 21 valid
HTTP Error 404: {"quoteSummary":{"result":null,"error":{"code":"Not Found","description":"Quote not found for symbol: GLPG.BR"}}}
HTTP Error 404: {"quoteSummary":{"result":null,"error":{"code":"Not Found","description":"Quote not found for symbol: COFB.BR"}}}
BEL: 28 candidates, 25 valid
HTTP Error 404: {"quoteSummary":{"result":null,"error":{"code":"Not Found","description":"Quote not found for symbol: SFA.SO"}}}
HTTP Error 404: {"quoteSummary":{"result":null,"error":{"code":"Not Found","description":"Quote not found for symbol: EUBG.SO"}}}
HTTP Error 404: {"quoteSummary":{"result":null,"error":{"code":"Not Found","description":"Quote not found for symbol: ALB.SO"}}}
HTTP Error 404: {"quoteSummary":{"result":null,"error":{"code":"Not Found","description":"Quote not found for symbol: CHIM.SO"}}}
BGR: 4 candidates, 0 valid
HTTP Error 404: {"quoteSummary":{"result":null,"error":{"code":"Not Found","description":"Quote not found for symbol: HT.ZA"}}}
HTTP Error 404: {"quoteSummary":{"result":null,"error":{"code":"Not Found","description":"Quote not found for symbol: ZABA.ZA"}}}
HTTP Error 404: {"quoteSummary":{"result":null,"error":{"code":"Not Found","description":"Quote not found for symbol: PODR.ZA"}}}
HTTP Error 404: {"quoteSummary":{"result":null,"error":{"code":"Not Found","description":"Quote not found for symbol: ATGR.ZA"}}}
HTTP Error 404: {"quoteSummary":{"result":null,"error":{"code":"Not Found","description":"Quote not found for symbol: ADPL.ZA"}}}
HTTP Error 404: {"quoteSummary":{"result":null,"error":{"code":"Not Found","description":"Quote not found for symbol: KOEI.ZA"}}}
HTTP Error 404: {"quoteSummary":{"result":null,"error":{"code":"Not Found","description":"Quote not found for symbol: ERNT.ZA"}}}
HTTP Error 404: {"quoteSummary":{"result":null,"error":{"code":"Not Found","description":"Quote not found for symbol: RIVP.ZA"}}}
HTTP Error 404: {"quoteSummary":{"result":null,"error":{"code":"Not Found","description":"Quote not found for symbol: ARNT.ZA"}}}
HTTP Error 404: {"quoteSummary":{"result":null,"error":{"code":"Not Found","description":"Quote not found for symbol: LKRI.ZA"}}}
HTTP Error 404: {"quoteSummary":{"result":null,"error":{"code":"Not Found","description":"Quote not found for symbol: KRAS.ZA"}}}
HTTP Error 404: {"quoteSummary":{"result":null,"error":{"code":"Not Found","description":"Quote not found for symbol: DLKV.ZA"}}}
HRV: 12 candidates, 0 valid
HTTP Error 404: {"quoteSummary":{"result":null,"error":{"code":"Not Found","description":"Quote not found for symbol: BOCH.AT"}}}
HTTP Error 404: {"quoteSummary":{"result":null,"error":{"code":"Not Found","description":"Quote not found for symbol: BOCY.L"}}}
CYP: 2 candidates, 0 valid
HTTP Error 404: {"quoteSummary":{"result":null,"error":{"code":"Not Found","description":"Quote not found for symbol: PMCR.PR"}}}
CZE: 7 candidates, 6 valid
HTTP Error 404: {"quoteSummary":{"result":null,"error":{"code":"Not Found","description":"Quote not found for symbol: SYDB.CO"}}}
DNK: 26 candidates, 24 valid
HTTP Error 404: {"quoteSummary":{"result":null,"error":{"code":"Not Found","description":"Quote not found for symbol: EEE1T.TL"}}}
HTTP Error 404: {"quoteSummary":{"result":null,"error":{"code":"Not Found","description":"Quote not found for symbol: EGR1T.TL"}}}
EST: 25 candidates, 21 valid
HTTP Error 404: {"quoteSummary":{"result":null,"error":{"code":"Not Found","description":"Quote not found for symbol: TIE1V.HE"}}}
HTTP Error 404: {"quoteSummary":{"result":null,"error":{"code":"Not Found","description":"Quote not found for symbol: SSABB.HE"}}}
HTTP Error 404: {"quoteSummary":{"result":null,"error":{"code":"Not Found","description":"Quote not found for symbol: CGCBV.HE"}}}
HTTP Error 404: {"quoteSummary":{"result":null,"error":{"code":"Not Found","description":"Quote not found for symbol: KOJAMO.HE"}}}
FIN: 28 candidates, 23 valid
FRA: 39 candidates, 36 valid
DEU: 36 candidates, 34 valid
HTTP Error 404: {"quoteSummary":{"result":null,"error":{"code":"Not Found","description":"Quote not found for symbol: MYTIL.AT"}}}
HTTP Error 404: {"quoteSummary":{"result":null,"error":{"code":"Not Found","description":"Quote not found for symbol: JUMBO.AT"}}}
GRC: 20 candidates, 16 valid
HUN: 10 candidates, 4 valid
HTTP Error 404: {"quoteSummary":{"result":null,"error":{"code":"Not Found","description":"Quote not found for symbol: KYG.IR"}}}
HTTP Error 404: {"quoteSummary":{"result":null,"error":{"code":"Not Found","description":"Quote not found for symbol: DLG.IR"}}}
HTTP Error 404: {"quoteSummary":{"result":null,"error":{"code":"Not Found","description":"Quote not found for symbol: CRN.IR"}}}
HTTP Error 404: {"quoteSummary":{"result":null,"error":{"code":"Not Found","description":"Quote not found for symbol: FBH.IR"}}}
IRL: 25 candidates, 16 valid
ITA: 29 candidates, 28 valid
LVA: 38 candidates, 11 valid
LTU: 22 candidates, 22 valid
LUX: 11 candidates, 10 valid
MLT: 2 candidates, 1 valid
NLD: 26 candidates, 24 valid
HTTP Error 404: {"quoteSummary":{"result":null,"error":{"code":"Not Found","description":"Quote not found for symbol: SPL.WA"}}}
POL: 27 candidates, 24 valid
PRT: 16 candidates, 15 valid
ROU: 24 candidates, 22 valid
SVK: 0 candidates, 0 valid
HTTP Error 404: {"quoteSummary":{"result":null,"error":{"code":"Not Found","description":"Quote not found for symbol: KRKG.LJ"}}}
HTTP Error 404: {"quoteSummary":{"result":null,"error":{"code":"Not Found","description":"Quote not found for symbol: PETG.LJ"}}}
HTTP Error 404: {"quoteSummary":{"result":null,"error":{"code":"Not Found","description":"Quote not found for symbol: ZVTG.LJ"}}}
HTTP Error 404: {"quoteSummary":{"result":null,"error":{"code":"Not Found","description":"Quote not found for symbol: NLBR.LJ"}}}
HTTP Error 404: {"quoteSummary":{"result":null,"error":{"code":"Not Found","description":"Quote not found for symbol: TLSG.LJ"}}}
HTTP Error 404: {"quoteSummary":{"result":null,"error":{"code":"Not Found","description":"Quote not found for symbol: LKPG.LJ"}}}
HTTP Error 404: {"quoteSummary":{"result":null,"error":{"code":"Not Found","description":"Quote not found for symbol: SAVA.LJ"}}}
HTTP Error 404: {"quoteSummary":{"result":null,"error":{"code":"Not Found","description":"Quote not found for symbol: POSR.LJ"}}}
SVN: 8 candidates, 0 valid
ESP: 32 candidates, 29 valid
SWE: 38 candidates, 37 valid
USA: 34 candidates, 34 valid
CAN: 40 candidates, 37 valid
HTTP Error 404: {"quoteSummary":{"result":null,"error":{"code":"Not Found","description":"Quote not found for symbol: ELEKTRA.MX"}}}
HTTP Error 404: {"quoteSummary":{"result":null,"error":{"code":"Not Found","description":"Quote not found for symbol: ALFAA.MX"}}}
MEX: 29 candidates, 26 valid
HTTP Error 404: {"quoteSummary":{"result":null,"error":{"code":"Not Found","description":"Quote not found for symbol: ELET3.SA"}}}
HTTP Error 404: {"quoteSummary":{"result":null,"error":{"code":"Not Found","description":"Quote not found for symbol: JBSS3.SA"}}}
HTTP Error 404: {"quoteSummary":{"result":null,"error":{"code":"Not Found","description":"Quote not found for symbol: EMBR3.SA"}}}
HTTP Error 404: {"quoteSummary":{"result":null,"error":{"code":"Not Found","description":"Quote not found for symbol: CCRO3.SA"}}}
HTTP Error 404: {"quoteSummary":{"result":null,"error":{"code":"Not Found","description":"Quote not found for symbol: BRFS3.SA"}}}
HTTP Error 404: {"quoteSummary":{"result":null,"error":{"code":"Not Found","description":"Quote not found for symbol: CPLE6.SA"}}}
BRA: 35 candidates, 29 valid
CHL: 28 candidates, 28 valid
JPN: 38 candidates, 38 valid
KOR: 30 candidates, 30 valid
CHN: 30 candidates, 30 valid
IND: 34 candidates, 34 valid
SGP: 25 candidates, 22 valid
IDN: 30 candidates, 30 valid
AUS: 35 candidates, 32 valid
ZAF: 31 candidates, 27 valid

Per country (valid candidates -> seeded):
      valid  seeded  sectors
iso3                        
AUS      32      20       10
AUT      21      20        9
BEL      25      20       10
BGR       0       0        0
BRA      29      20       10
CAN      37      20        9
CHL      28      20       10
CHN      30      20        9
CYP       0       0        0
CZE       6       6        4
DEU      34      20       11
DNK      24      20        7
ESP      29      20       10
EST      21      20        7
FIN      23      20       10
FRA      36      20       11
GRC      16      16        8
HRV       0       0        0
HUN       4       4        4
IDN      30      20       10
IND      34      20       11
IRL      16      16        6
ITA      28      20        9
JPN      38      20       11
KOR      30      20       10
LTU      22      20        9
LUX      10      10        5
LVA      11      11        6
MEX      26      20        7
MLT       1       1        1
NLD      24      20        9
POL      24      20       10
PRT      15      15        9
ROU      22      20        9
SGP      22      20        8
SVN       0       0        0
SWE      37      20        9
USA      34      20       11
ZAF      27      20        9
